// Jest Snapshot v1, https://goo.gl/fbAQLP

exports[`GallerySection Component matches snapshot 1`] = `
<DocumentFragment>
  <section>
    <h2
      class="text-2xl md:text-3xl font-bold border-b-2 border-red-600 pb-2 text-[#1a3c6e] dark:text-white"
    >
      Our Shop Gallery
    </h2>
    <div
      class="grid grid-cols-2 sm:grid-cols-4 gap-3 md:gap-4 mt-4 md:mt-6"
      data-testid="gallery-grid"
    >
      <div
        class="aspect-square overflow-hidden rounded-lg bg-gray-100 dark:bg-gray-700 shadow-md"
        data-testid="image-container"
      >
        <img
          alt="Gallery 1"
          class="w-full h-full object-cover transition-transform hover:scale-105"
          src="/image1.jpg"
          style="width: 100%; height: 100%; object-fit: cover;"
        />
      </div>
      <div
        class="aspect-square overflow-hidden rounded-lg bg-gray-100 dark:bg-gray-700 shadow-md"
        data-testid="image-container"
      >
        <img
          alt="Gallery 2"
          class="w-full h-full object-cover transition-transform hover:scale-105"
          src="/image2.jpg"
          style="width: 100%; height: 100%; object-fit: cover;"
        />
      </div>
      <div
        class="aspect-square overflow-hidden rounded-lg bg-gray-100 dark:bg-gray-700 shadow-md"
        data-testid="image-container"
      >
        <img
          alt="Gallery 3"
          class="w-full h-full object-cover transition-transform hover:scale-105"
          src="/image3.jpg"
          style="width: 100%; height: 100%; object-fit: cover;"
        />
      </div>
      <div
        class="aspect-square overflow-hidden rounded-lg bg-gray-100 dark:bg-gray-700 shadow-md"
        data-testid="image-container"
      >
        <img
          alt="Gallery 4"
          class="w-full h-full object-cover transition-transform hover:scale-105"
          src="/image4.jpg"
          style="width: 100%; height: 100%; object-fit: cover;"
        />
      </div>
      <div
        class="aspect-square overflow-hidden rounded-lg bg-gray-100 dark:bg-gray-700 shadow-md"
        data-testid="image-container"
      >
        <img
          alt="Gallery 5"
          class="w-full h-full object-cover transition-transform hover:scale-105"
          src="/image5.jpg"
          style="width: 100%; height: 100%; object-fit: cover;"
        />
      </div>
      <div
        class="aspect-square overflow-hidden rounded-lg bg-gray-100 dark:bg-gray-700 shadow-md"
        data-testid="image-container"
      >
        <img
          alt="Gallery 6"
          class="w-full h-full object-cover transition-transform hover:scale-105"
          src="/image6.jpg"
          style="width: 100%; height: 100%; object-fit: cover;"
        />
      </div>
    </div>
  </section>
</DocumentFragment>
`;
