// Jest Snapshot v1, https://goo.gl/fbAQLP

exports[`HeroSection Component matches snapshot 1`] = `
<DocumentFragment>
  <section
    class="h-[400px] md:h-[400px] bg-cover bg-center relative flex flex-col justify-center items-center text-white text-center p-4 dark:text-gray-200"
  >
    <div
      class="bg-black bg-opacity-50 absolute inset-0 z-0"
      data-testid="hero-overlay"
    />
    <div
      class="relative z-10 max-w-4xl px-4"
    >
      <h1
        class="text-3xl sm:text-4xl md:text-5xl font-bold mb-2 md:mb-4"
      >
        Mike's Auto Service
      </h1>
      <p
        class="text-base sm:text-lg md:text-xl max-w-[800px]"
      >
        Full-service auto repair shop specializing in domestic and foreign vehicles since 1985
      </p>
      <div
        class="flex flex-col sm:flex-row justify-center items-center mt-4 md:mt-6 gap-2"
      >
        <span
          class="text-yellow-400 text-2xl mr-2"
        >
          ★★★★★
        </span>
        <span>
          4.8/5 based on 127 reviews
        </span>
      </div>
      <div
        class="flex flex-col sm:flex-row gap-4 mt-6 justify-center"
      >
        <button
          class="bg-red-600 text-white w-full sm:w-auto"
        >
          Schedule Service
        </button>
        <button
          class="bg-white text-[#333] dark:bg-gray-100 dark:text-black w-full sm:w-auto"
        >
          Request Quote
        </button>
      </div>
    </div>
  </section>
</DocumentFragment>
`;
