// Jest Snapshot v1, https://goo.gl/fbAQLP

exports[`ReviewsSection Component matches snapshot 1`] = `
<DocumentFragment>
  <section>
    <h2
      class="text-2xl md:text-3xl font-bold border-b-2 border-red-600 pb-2 text-[#1a3c6e] dark:text-white"
    >
      Customer Reviews
    </h2>
    <div
      class="space-y-4 mt-4 md:mt-6"
    >
      <div
        class="mock-card bg-white dark:bg-gray-800 border border-gray-200 dark:border-gray-700"
        data-testid="card"
      >
        <div
          class="mock-card-body p-4 md:p-6 text-sm md:text-base text-gray-700 dark:text-gray-300"
          data-testid="card-body"
        >
          <div
            class="flex flex-col sm:flex-row sm:justify-between gap-2 mb-2"
          >
            <span
              class="font-semibold text-gray-900 dark:text-white"
            >
              John Doe
            </span>
            <div
              class="text-yellow-400"
            >
              ★★★★★
            </div>
          </div>
          <p>
            Excellent service!
          </p>
        </div>
      </div>
      <div
        class="mock-card bg-white dark:bg-gray-800 border border-gray-200 dark:border-gray-700"
        data-testid="card"
      >
        <div
          class="mock-card-body p-4 md:p-6 text-sm md:text-base text-gray-700 dark:text-gray-300"
          data-testid="card-body"
        >
          <div
            class="flex flex-col sm:flex-row sm:justify-between gap-2 mb-2"
          >
            <span
              class="font-semibold text-gray-900 dark:text-white"
            >
              Jane Smith
            </span>
            <div
              class="text-yellow-400"
            >
              ★★★★
            </div>
          </div>
          <p>
            Very professional team
          </p>
        </div>
      </div>
    </div>
  </section>
</DocumentFragment>
`;
